// Jest Snapshot v1, https://goo.gl/fbAQLP

exports[`render genericForm component inside index file renders the GenericFormContainer 1`] = `
<div
  className="sc-eNQAEJ inZCbS"
/>
`;
