// Jest Snapshot v1, https://goo.gl/fbAQLP

exports[`molecules/tabs Given the component is mounted then it should render the markup 1`] = `
<p>
  Error 
</p>
`;
