// Jest Snapshot v1, https://goo.gl/fbAQLP

exports[`Secondary navigation test cases should render the mark up 1`] = `
ShallowWrapper {
  Symbol(enzyme.__root__): [Circular],
  Symbol(enzyme.__unrendered__): <SecondaryNavigation />,
  Symbol(enzyme.__renderer__): Object {
    "batchedUpdates": [Function],
    "checkPropTypes": [Function],
    "getNode": [Function],
    "render": [Function],
    "simulateError": [Function],
    "simulateEvent": [Function],
    "unmount": [Function],
  },
  Symbol(enzyme.__node__): Object {
    "instance": null,
    "key": undefined,
    "nodeType": "function",
    "props": Object {
      "children": <MainMenuContainer>
        <ForwardRef
          menuItems={
            Array [
              Object {
                "altLink": [Function],
                "hasPopup": false,
                "id": "createsupplier",
                "text": "Create new supplier",
              },
              Object {
                "altLink": [Function],
                "hasPopup": false,
                "id": "managesupplier",
                "text": "Manage suppliers",
              },
            ]
          }
          mobileMenuItem={
            Object {
              "href": "#",
              "text": "Menu",
            }
          }
          moreMenuItem={
            Object {
              "href": "#",
              "text": "More",
            }
          }
          selectedMenuItemID="createsupplier"
        >
          <StaticSubmenu
            _hiddenMoreMenuItems={Object {}}
            _menuItems={Array []}
            height="495px"
          />
        </ForwardRef>
      </MainMenuContainer>,
    },
    "ref": null,
    "rendered": Object {
      "instance": null,
      "key": undefined,
      "nodeType": "class",
      "props": Object {
        "children": <ForwardRef
          menuItems={
            Array [
              Object {
                "altLink": [Function],
                "hasPopup": false,
                "id": "createsupplier",
                "text": "Create new supplier",
              },
              Object {
                "altLink": [Function],
                "hasPopup": false,
                "id": "managesupplier",
                "text": "Manage suppliers",
              },
            ]
          }
          mobileMenuItem={
            Object {
              "href": "#",
              "text": "Menu",
            }
          }
          moreMenuItem={
            Object {
              "href": "#",
              "text": "More",
            }
          }
          selectedMenuItemID="createsupplier"
        >
          <StaticSubmenu
            _hiddenMoreMenuItems={Object {}}
            _menuItems={Array []}
            height="495px"
          />
        </ForwardRef>,
      },
      "ref": null,
      "rendered": Object {
        "instance": null,
        "key": undefined,
        "nodeType": "function",
        "props": Object {
          "children": <StaticSubmenu
            _hiddenMoreMenuItems={Object {}}
            _menuItems={Array []}
            height="495px"
          />,
          "menuItems": Array [
            Object {
              "altLink": [Function],
              "hasPopup": false,
              "id": "createsupplier",
              "text": "Create new supplier",
            },
            Object {
              "altLink": [Function],
              "hasPopup": false,
              "id": "managesupplier",
              "text": "Manage suppliers",
            },
          ],
          "mobileMenuItem": Object {
            "href": "#",
            "text": "Menu",
          },
          "moreMenuItem": Object {
            "href": "#",
            "text": "More",
          },
          "selectedMenuItemID": "createsupplier",
        },
        "ref": null,
        "rendered": Object {
          "instance": null,
          "key": undefined,
          "nodeType": "class",
          "props": Object {
            "_altLink": undefined,
            "_hiddenMoreMenuItems": Object {},
            "_menuItems": Array [],
            "_onChange": undefined,
            "_selectedMenuItemID": undefined,
            "height": "495px",
          },
          "ref": null,
          "rendered": null,
          "type": [Function],
        },
        "type": Object {
          "$$typeof": Symbol(react.forward_ref),
          "componentName": "MainMenu",
          "displayName": "WithProps(MainMenu)",
          "render": [Function],
        },
      },
      "type": [Function],
    },
    "type": Symbol(react.fragment),
  },
  Symbol(enzyme.__nodes__): Array [
    Object {
      "instance": null,
      "key": undefined,
      "nodeType": "function",
      "props": Object {
        "children": <MainMenuContainer>
          <ForwardRef
            menuItems={
              Array [
                Object {
                  "altLink": [Function],
                  "hasPopup": false,
                  "id": "createsupplier",
                  "text": "Create new supplier",
                },
                Object {
                  "altLink": [Function],
                  "hasPopup": false,
                  "id": "managesupplier",
                  "text": "Manage suppliers",
                },
              ]
            }
            mobileMenuItem={
              Object {
                "href": "#",
                "text": "Menu",
              }
            }
            moreMenuItem={
              Object {
                "href": "#",
                "text": "More",
              }
            }
            selectedMenuItemID="createsupplier"
          >
            <StaticSubmenu
              _hiddenMoreMenuItems={Object {}}
              _menuItems={Array []}
              height="495px"
            />
          </ForwardRef>
        </MainMenuContainer>,
      },
      "ref": null,
      "rendered": Object {
        "instance": null,
        "key": undefined,
        "nodeType": "class",
        "props": Object {
          "children": <ForwardRef
            menuItems={
              Array [
                Object {
                  "altLink": [Function],
                  "hasPopup": false,
                  "id": "createsupplier",
                  "text": "Create new supplier",
                },
                Object {
                  "altLink": [Function],
                  "hasPopup": false,
                  "id": "managesupplier",
                  "text": "Manage suppliers",
                },
              ]
            }
            mobileMenuItem={
              Object {
                "href": "#",
                "text": "Menu",
              }
            }
            moreMenuItem={
              Object {
                "href": "#",
                "text": "More",
              }
            }
            selectedMenuItemID="createsupplier"
          >
            <StaticSubmenu
              _hiddenMoreMenuItems={Object {}}
              _menuItems={Array []}
              height="495px"
            />
          </ForwardRef>,
        },
        "ref": null,
        "rendered": Object {
          "instance": null,
          "key": undefined,
          "nodeType": "function",
          "props": Object {
            "children": <StaticSubmenu
              _hiddenMoreMenuItems={Object {}}
              _menuItems={Array []}
              height="495px"
            />,
            "menuItems": Array [
              Object {
                "altLink": [Function],
                "hasPopup": false,
                "id": "createsupplier",
                "text": "Create new supplier",
              },
              Object {
                "altLink": [Function],
                "hasPopup": false,
                "id": "managesupplier",
                "text": "Manage suppliers",
              },
            ],
            "mobileMenuItem": Object {
              "href": "#",
              "text": "Menu",
            },
            "moreMenuItem": Object {
              "href": "#",
              "text": "More",
            },
            "selectedMenuItemID": "createsupplier",
          },
          "ref": null,
          "rendered": Object {
            "instance": null,
            "key": undefined,
            "nodeType": "class",
            "props": Object {
              "_altLink": undefined,
              "_hiddenMoreMenuItems": Object {},
              "_menuItems": Array [],
              "_onChange": undefined,
              "_selectedMenuItemID": undefined,
              "height": "495px",
            },
            "ref": null,
            "rendered": null,
            "type": [Function],
          },
          "type": Object {
            "$$typeof": Symbol(react.forward_ref),
            "componentName": "MainMenu",
            "displayName": "WithProps(MainMenu)",
            "render": [Function],
          },
        },
        "type": [Function],
      },
      "type": Symbol(react.fragment),
    },
  ],
  Symbol(enzyme.__options__): Object {
    "adapter": ReactSixteenAdapter {
      "options": Object {
        "enableComponentDidUpdateOnSetState": true,
        "legacyContextMode": "parent",
        "lifecycles": Object {
          "componentDidUpdate": Object {
            "onSetState": true,
          },
          "getChildContext": Object {
            "calledByRenderer": false,
          },
          "getDerivedStateFromError": true,
          "getDerivedStateFromProps": Object {
            "hasShouldComponentUpdateBug": false,
          },
          "getSnapshotBeforeUpdate": true,
          "setState": Object {
            "skipsComponentDidUpdateOnNullish": true,
          },
        },
      },
    },
    Symbol(enzyme.__providerValues__): undefined,
  },
  Symbol(enzyme.__providerValues__): Map {},
  Symbol(enzyme.__childContext__): null,
}
`;
